// Vitest Snapshot v1, https://vitest.dev/guide/snapshot.html

exports[`multiselect (isCI = false) > can be aborted by a signal 1`] = `
[
  "[?25l",
  "â”‚
â—†  foo
â”‚  â—» opt0
â”‚  â—» opt1
â””
",
  "
",
  "[?25h",
]
`;

exports[`multiselect (isCI = false) > can cancel 1`] = `
[
  "[?25l",
  "â”‚
â—†  foo
â”‚  â—» opt0
â”‚  â—» opt1
â””
",
  "[999D[5A",
  "[1B",
  "[J",
  "â–   foo
â”‚",
  "
",
  "[?25h",
]
`;

exports[`multiselect (isCI = false) > can render option hints 1`] = `
[
  "[?25l",
  "â”‚
â—†  foo
â”‚  â—» opt0 (Hint 0)
â”‚  â—» opt1
â””
",
  "[999D[5A",
  "[2B",
  "[2K[G",
  "â”‚  â—¼ opt0 (Hint 0)",
  "[3B",
  "[999D[5A",
  "[1B",
  "[J",
  "â—‡  foo
â”‚  opt0",
  "
",
  "[?25h",
]
`;

exports[`multiselect (isCI = false) > can set cursorAt to preselect an option 1`] = `
[
  "[?25l",
  "â”‚
â—†  foo
â”‚  â—» opt0
â”‚  â—» opt1
â””
",
  "[999D[5A",
  "[3B",
  "[2K[G",
  "â”‚  â—¼ opt1",
  "[2B",
  "[999D[5A",
  "[1B",
  "[J",
  "â—‡  foo
â”‚  opt1",
  "
",
  "[?25h",
]
`;

exports[`multiselect (isCI = false) > can set custom labels 1`] = `
[
  "[?25l",
  "â”‚
â—†  foo
â”‚  â—» Option 0
â”‚  â—» Option 1
â””
",
  "[999D[5A",
  "[2B",
  "[2K[G",
  "â”‚  â—¼ Option 0",
  "[3B",
  "[999D[5A",
  "[1B",
  "[J",
  "â—‡  foo
â”‚  Option 0",
  "
",
  "[?25h",
]
`;

exports[`multiselect (isCI = false) > can set initial values 1`] = `
[
  "[?25l",
  "â”‚
â—†  foo
â”‚  â—» opt0
â”‚  â—¼ opt1
â””
",
  "[999D[5A",
  "[1B",
  "[J",
  "â—‡  foo
â”‚  opt1",
  "
",
  "[?25h",
]
`;

exports[`multiselect (isCI = false) > can submit without selection when required = false 1`] = `
[
  "[?25l",
  "â”‚
â—†  foo
â”‚  â—» opt0
â”‚  â—» opt1
â””
",
  "[999D[5A",
  "[1B",
  "[J",
  "â—‡  foo
â”‚  none",
  "
",
  "[?25h",
]
`;

exports[`multiselect (isCI = false) > maxItems renders a sliding window 1`] = `
[
  "[?25l",
  "â”‚
â—†  foo
â”‚  â—» opt0
â”‚  â—» opt1
â”‚  â—» opt2
â”‚  â—» opt3
â”‚  â—» opt4
â”‚  ...
â””
",
  "[999D[9A",
  "[2B",
  "[J",
  "â”‚  ...
â”‚  â—» opt2
â”‚  â—» opt3
â”‚  â—» opt4
â”‚  â—» opt5
â”‚  ...
â””
",
  "[999D[9A",
  "[3B",
  "[J",
  "â”‚  â—» opt3
â”‚  â—» opt4
â”‚  â—» opt5
â”‚  â—» opt6
â”‚  ...
â””
",
  "[999D[9A",
  "[3B",
  "[J",
  "â”‚  â—» opt4
â”‚  â—» opt5
â”‚  â—» opt6
â”‚  â—» opt7
â”‚  ...
â””
",
  "[999D[9A",
  "[5B",
  "[2K[G",
  "â”‚  â—¼ opt6",
  "[4B",
  "[999D[9A",
  "[1B",
  "[J",
  "â—‡  foo
â”‚  opt6",
  "
",
  "[?25h",
]
`;

exports[`multiselect (isCI = false) > renders message 1`] = `
[
  "[?25l",
  "â”‚
â—†  foo
â”‚  â—» opt0
â”‚  â—» opt1
â””
",
  "[999D[5A",
  "[2B",
  "[2K[G",
  "â”‚  â—¼ opt0",
  "[3B",
  "[999D[5A",
  "[1B",
  "[J",
  "â—‡  foo
â”‚  opt0",
  "
",
  "[?25h",
]
`;

exports[`multiselect (isCI = false) > renders multiple cancelled values 1`] = `
[
  "[?25l",
  "â”‚
â—†  foo
â”‚  â—» opt0
â”‚  â—» opt1
â”‚  â—» opt2
â””
",
  "[999D[6A",
  "[2B",
  "[2K[G",
  "â”‚  â—¼ opt0",
  "[4B",
  "[999D[6A",
  "[3B",
  "[2K[G",
  "â”‚  â—¼ opt1",
  "[3B",
  "[999D[6A",
  "[1B",
  "[J",
  "â–   foo
â”‚  opt0, opt1
â”‚",
  "
",
  "[?25h",
]
`;

exports[`multiselect (isCI = false) > renders multiple selected options 1`] = `
[
  "[?25l",
  "â”‚
â—†  foo
â”‚  â—» opt0
â”‚  â—» opt1
â”‚  â—» opt2
â””
",
  "[999D[6A",
  "[2B",
  "[2K[G",
  "â”‚  â—¼ opt0",
  "[4B",
  "[999D[6A",
  "[3B",
  "[2K[G",
  "â”‚  â—¼ opt1",
  "[3B",
  "[999D[6A",
  "[1B",
  "[J",
  "â—‡  foo
â”‚  opt0, opt1",
  "
",
  "[?25h",
]
`;

exports[`multiselect (isCI = false) > renders validation errors 1`] = `
[
  "[?25l",
  "â”‚
â—†  foo
â”‚  â—» opt0
â”‚  â—» opt1
â””
",
  "[999D[5A",
  "[1B",
  "[J",
  "â–²  foo
â”‚  â—» opt0
â”‚  â—» opt1
â””  Please select at least one option.
   Press  space  to select,  enter  to submit
",
  "[999D[6A",
  "[1B",
  "[J",
  "â—†  foo
â”‚  â—¼ opt0
â”‚  â—» opt1
â””
",
  "[999D[5A",
  "[1B",
  "[J",
  "â—‡  foo
â”‚  opt0",
  "
",
  "[?25h",
]
`;

exports[`multiselect (isCI = false) > shows hints for all selected options 1`] = `
[
  "[?25l",
  "â”‚
â—†  foo
â”‚  â—¼ opt0 (Hint 0)
â”‚  â—¼ opt1 (Hint 1)
â”‚  â—» opt2
â””
",
  "[999D[6A",
  "[4B",
  "[2K[G",
  "â”‚  â—» opt2 (Hint 2)",
  "[2B",
  "[999D[6A",
  "[1B",
  "[J",
  "â—‡  foo
â”‚  opt0, opt1",
  "
",
  "[?25h",
]
`;

exports[`multiselect (isCI = false) > sliding window loops downwards 1`] = `
[
  "[?25l",
  "â”‚
â—†  foo
â”‚  â—» opt0
â”‚  â—» opt1
â”‚  â—» opt2
â”‚  â—» opt3
â”‚  â—» opt4
â”‚  ...
â””
",
  "[999D[9A",
  "[2B",
  "[J",
  "â”‚  ...
â”‚  â—» opt2
â”‚  â—» opt3
â”‚  â—» opt4
â”‚  â—» opt5
â”‚  ...
â””
",
  "[999D[9A",
  "[3B",
  "[J",
  "â”‚  â—» opt3
â”‚  â—» opt4
â”‚  â—» opt5
â”‚  â—» opt6
â”‚  ...
â””
",
  "[999D[9A",
  "[3B",
  "[J",
  "â”‚  â—» opt4
â”‚  â—» opt5
â”‚  â—» opt6
â”‚  â—» opt7
â”‚  ...
â””
",
  "[999D[9A",
  "[3B",
  "[J",
  "â”‚  â—» opt5
â”‚  â—» opt6
â”‚  â—» opt7
â”‚  â—» opt8
â”‚  ...
â””
",
  "[999D[9A",
  "[3B",
  "[J",
  "â”‚  â—» opt6
â”‚  â—» opt7
â”‚  â—» opt8
â”‚  â—» opt9
â”‚  ...
â””
",
  "[999D[9A",
  "[3B",
  "[J",
  "â”‚  â—» opt7
â”‚  â—» opt8
â”‚  â—» opt9
â”‚  â—» opt10
â”‚  â—» opt11
â””
",
  "[999D[9A",
  "[2B",
  "[J",
  "â”‚  â—» opt0
â”‚  â—» opt1
â”‚  â—» opt2
â”‚  â—» opt3
â”‚  â—» opt4
â”‚  ...
â””
",
  "[999D[9A",
  "[2B",
  "[2K[G",
  "â”‚  â—¼ opt0",
  "[7B",
  "[999D[9A",
  "[1B",
  "[J",
  "â—‡  foo
â”‚  opt0",
  "
",
  "[?25h",
]
`;

exports[`multiselect (isCI = false) > sliding window loops upwards 1`] = `
[
  "[?25l",
  "â”‚
â—†  foo
â”‚  â—» opt0
â”‚  â—» opt1
â”‚  â—» opt2
â”‚  â—» opt3
â”‚  â—» opt4
â”‚  ...
â””
",
  "[999D[9A",
  "[2B",
  "[J",
  "â”‚  ...
â”‚  â—» opt7
â”‚  â—» opt8
â”‚  â—» opt9
â”‚  â—» opt10
â”‚  â—» opt11
â””
",
  "[999D[9A",
  "[7B",
  "[2K[G",
  "â”‚  â—¼ opt11",
  "[2B",
  "[999D[9A",
  "[1B",
  "[J",
  "â—‡  foo
â”‚  opt11",
  "
",
  "[?25h",
]
`;

exports[`multiselect (isCI = true) > can be aborted by a signal 1`] = `
[
  "[?25l",
  "â”‚
â—†  foo
â”‚  â—» opt0
â”‚  â—» opt1
â””
",
  "
",
  "[?25h",
]
`;

exports[`multiselect (isCI = true) > can cancel 1`] = `
[
  "[?25l",
  "â”‚
â—†  foo
â”‚  â—» opt0
â”‚  â—» opt1
â””
",
  "[999D[5A",
  "[1B",
  "[J",
  "â–   foo
â”‚",
  "
",
  "[?25h",
]
`;

exports[`multiselect (isCI = true) > can render option hints 1`] = `
[
  "[?25l",
  "â”‚
â—†  foo
â”‚  â—» opt0 (Hint 0)
â”‚  â—» opt1
â””
",
  "[999D[5A",
  "[2B",
  "[2K[G",
  "â”‚  â—¼ opt0 (Hint 0)",
  "[3B",
  "[999D[5A",
  "[1B",
  "[J",
  "â—‡  foo
â”‚  opt0",
  "
",
  "[?25h",
]
`;

exports[`multiselect (isCI = true) > can set cursorAt to preselect an option 1`] = `
[
  "[?25l",
  "â”‚
â—†  foo
â”‚  â—» opt0
â”‚  â—» opt1
â””
",
  "[999D[5A",
  "[3B",
  "[2K[G",
  "â”‚  â—¼ opt1",
  "[2B",
  "[999D[5A",
  "[1B",
  "[J",
  "â—‡  foo
â”‚  opt1",
  "
",
  "[?25h",
]
`;

exports[`multiselect (isCI = true) > can set custom labels 1`] = `
[
  "[?25l",
  "â”‚
â—†  foo
â”‚  â—» Option 0
â”‚  â—» Option 1
â””
",
  "[999D[5A",
  "[2B",
  "[2K[G",
  "â”‚  â—¼ Option 0",
  "[3B",
  "[999D[5A",
  "[1B",
  "[J",
  "â—‡  foo
â”‚  Option 0",
  "
",
  "[?25h",
]
`;

exports[`multiselect (isCI = true) > can set initial values 1`] = `
[
  "[?25l",
  "â”‚
â—†  foo
â”‚  â—» opt0
â”‚  â—¼ opt1
â””
",
  "[999D[5A",
  "[1B",
  "[J",
  "â—‡  foo
â”‚  opt1",
  "
",
  "[?25h",
]
`;

exports[`multiselect (isCI = true) > can submit without selection when required = false 1`] = `
[
  "[?25l",
  "â”‚
â—†  foo
â”‚  â—» opt0
â”‚  â—» opt1
â””
",
  "[999D[5A",
  "[1B",
  "[J",
  "â—‡  foo
â”‚  none",
  "
",
  "[?25h",
]
`;

exports[`multiselect (isCI = true) > maxItems renders a sliding window 1`] = `
[
  "[?25l",
  "â”‚
â—†  foo
â”‚  â—» opt0
â”‚  â—» opt1
â”‚  â—» opt2
â”‚  â—» opt3
â”‚  â—» opt4
â”‚  ...
â””
",
  "[999D[9A",
  "[2B",
  "[J",
  "â”‚  ...
â”‚  â—» opt2
â”‚  â—» opt3
â”‚  â—» opt4
â”‚  â—» opt5
â”‚  ...
â””
",
  "[999D[9A",
  "[3B",
  "[J",
  "â”‚  â—» opt3
â”‚  â—» opt4
â”‚  â—» opt5
â”‚  â—» opt6
â”‚  ...
â””
",
  "[999D[9A",
  "[3B",
  "[J",
  "â”‚  â—» opt4
â”‚  â—» opt5
â”‚  â—» opt6
â”‚  â—» opt7
â”‚  ...
â””
",
  "[999D[9A",
  "[5B",
  "[2K[G",
  "â”‚  â—¼ opt6",
  "[4B",
  "[999D[9A",
  "[1B",
  "[J",
  "â—‡  foo
â”‚  opt6",
  "
",
  "[?25h",
]
`;

exports[`multiselect (isCI = true) > renders message 1`] = `
[
  "[?25l",
  "â”‚
â—†  foo
â”‚  â—» opt0
â”‚  â—» opt1
â””
",
  "[999D[5A",
  "[2B",
  "[2K[G",
  "â”‚  â—¼ opt0",
  "[3B",
  "[999D[5A",
  "[1B",
  "[J",
  "â—‡  foo
â”‚  opt0",
  "
",
  "[?25h",
]
`;

exports[`multiselect (isCI = true) > renders multiple cancelled values 1`] = `
[
  "[?25l",
  "â”‚
â—†  foo
â”‚  â—» opt0
â”‚  â—» opt1
â”‚  â—» opt2
â””
",
  "[999D[6A",
  "[2B",
  "[2K[G",
  "â”‚  â—¼ opt0",
  "[4B",
  "[999D[6A",
  "[3B",
  "[2K[G",
  "â”‚  â—¼ opt1",
  "[3B",
  "[999D[6A",
  "[1B",
  "[J",
  "â–   foo
â”‚  opt0, opt1
â”‚",
  "
",
  "[?25h",
]
`;

exports[`multiselect (isCI = true) > renders multiple selected options 1`] = `
[
  "[?25l",
  "â”‚
â—†  foo
â”‚  â—» opt0
â”‚  â—» opt1
â”‚  â—» opt2
â””
",
  "[999D[6A",
  "[2B",
  "[2K[G",
  "â”‚  â—¼ opt0",
  "[4B",
  "[999D[6A",
  "[3B",
  "[2K[G",
  "â”‚  â—¼ opt1",
  "[3B",
  "[999D[6A",
  "[1B",
  "[J",
  "â—‡  foo
â”‚  opt0, opt1",
  "
",
  "[?25h",
]
`;

exports[`multiselect (isCI = true) > renders validation errors 1`] = `
[
  "[?25l",
  "â”‚
â—†  foo
â”‚  â—» opt0
â”‚  â—» opt1
â””
",
  "[999D[5A",
  "[1B",
  "[J",
  "â–²  foo
â”‚  â—» opt0
â”‚  â—» opt1
â””  Please select at least one option.
   Press  space  to select,  enter  to submit
",
  "[999D[6A",
  "[1B",
  "[J",
  "â—†  foo
â”‚  â—¼ opt0
â”‚  â—» opt1
â””
",
  "[999D[5A",
  "[1B",
  "[J",
  "â—‡  foo
â”‚  opt0",
  "
",
  "[?25h",
]
`;

exports[`multiselect (isCI = true) > shows hints for all selected options 1`] = `
[
  "[?25l",
  "â”‚
â—†  foo
â”‚  â—¼ opt0 (Hint 0)
â”‚  â—¼ opt1 (Hint 1)
â”‚  â—» opt2
â””
",
  "[999D[6A",
  "[4B",
  "[2K[G",
  "â”‚  â—» opt2 (Hint 2)",
  "[2B",
  "[999D[6A",
  "[1B",
  "[J",
  "â—‡  foo
â”‚  opt0, opt1",
  "
",
  "[?25h",
]
`;

exports[`multiselect (isCI = true) > sliding window loops downwards 1`] = `
[
  "[?25l",
  "â”‚
â—†  foo
â”‚  â—» opt0
â”‚  â—» opt1
â”‚  â—» opt2
â”‚  â—» opt3
â”‚  â—» opt4
â”‚  ...
â””
",
  "[999D[9A",
  "[2B",
  "[J",
  "â”‚  ...
â”‚  â—» opt2
â”‚  â—» opt3
â”‚  â—» opt4
â”‚  â—» opt5
â”‚  ...
â””
",
  "[999D[9A",
  "[3B",
  "[J",
  "â”‚  â—» opt3
â”‚  â—» opt4
â”‚  â—» opt5
â”‚  â—» opt6
â”‚  ...
â””
",
  "[999D[9A",
  "[3B",
  "[J",
  "â”‚  â—» opt4
â”‚  â—» opt5
â”‚  â—» opt6
â”‚  â—» opt7
â”‚  ...
â””
",
  "[999D[9A",
  "[3B",
  "[J",
  "â”‚  â—» opt5
â”‚  â—» opt6
â”‚  â—» opt7
â”‚  â—» opt8
â”‚  ...
â””
",
  "[999D[9A",
  "[3B",
  "[J",
  "â”‚  â—» opt6
â”‚  â—» opt7
â”‚  â—» opt8
â”‚  â—» opt9
â”‚  ...
â””
",
  "[999D[9A",
  "[3B",
  "[J",
  "â”‚  â—» opt7
â”‚  â—» opt8
â”‚  â—» opt9
â”‚  â—» opt10
â”‚  â—» opt11
â””
",
  "[999D[9A",
  "[2B",
  "[J",
  "â”‚  â—» opt0
â”‚  â—» opt1
â”‚  â—» opt2
â”‚  â—» opt3
â”‚  â—» opt4
â”‚  ...
â””
",
  "[999D[9A",
  "[2B",
  "[2K[G",
  "â”‚  â—¼ opt0",
  "[7B",
  "[999D[9A",
  "[1B",
  "[J",
  "â—‡  foo
â”‚  opt0",
  "
",
  "[?25h",
]
`;

exports[`multiselect (isCI = true) > sliding window loops upwards 1`] = `
[
  "[?25l",
  "â”‚
â—†  foo
â”‚  â—» opt0
â”‚  â—» opt1
â”‚  â—» opt2
â”‚  â—» opt3
â”‚  â—» opt4
â”‚  ...
â””
",
  "[999D[9A",
  "[2B",
  "[J",
  "â”‚  ...
â”‚  â—» opt7
â”‚  â—» opt8
â”‚  â—» opt9
â”‚  â—» opt10
â”‚  â—» opt11
â””
",
  "[999D[9A",
  "[7B",
  "[2K[G",
  "â”‚  â—¼ opt11",
  "[2B",
  "[999D[9A",
  "[1B",
  "[J",
  "â—‡  foo
â”‚  opt11",
  "
",
  "[?25h",
]
`;
