// Vitest Snapshot v1, https://vitest.dev/guide/snapshot.html

exports[`text (isCI = false) > can cancel 1`] = `
[
  "[?25l",
  "â”‚
â—†  foo
â”‚
â”‚  Search: /tmp/â–ˆ
â”‚  No matches found
â”‚  â†‘/â†“ to select â€¢ Enter: confirm â€¢ Type: to search
â””",
  "[999D[6A",
  "[1B",
  "[J",
  "â–   foo
â”‚  /tmp/",
  "
",
  "[?25h",
]
`;

exports[`text (isCI = false) > renders cancelled value if one set 1`] = `
[
  "[?25l",
  "â”‚
â—†  foo
â”‚
â”‚  Search: /tmp/â–ˆ
â”‚  No matches found
â”‚  â†‘/â†“ to select â€¢ Enter: confirm â€¢ Type: to search
â””",
  "[999D[6A",
  "[3B",
  "[2K[G",
  "â”‚  Search: /tmp/xâ–ˆ",
  "[3B",
  "[999D[6A",
  "[3B",
  "[2K[G",
  "â”‚  Search: /tmp/xyâ–ˆ",
  "[3B",
  "[999D[6A",
  "[1B",
  "[J",
  "â–   foo
â”‚  /tmp/xy",
  "
",
  "[?25h",
]
`;

exports[`text (isCI = true) > can cancel 1`] = `
[
  "[?25l",
  "â”‚
â—†  foo
â”‚
â”‚  Search: /tmp/â–ˆ
â”‚  No matches found
â”‚  â†‘/â†“ to select â€¢ Enter: confirm â€¢ Type: to search
â””",
  "[999D[6A",
  "[1B",
  "[J",
  "â–   foo
â”‚  /tmp/",
  "
",
  "[?25h",
]
`;

exports[`text (isCI = true) > renders cancelled value if one set 1`] = `
[
  "[?25l",
  "â”‚
â—†  foo
â”‚
â”‚  Search: /tmp/â–ˆ
â”‚  No matches found
â”‚  â†‘/â†“ to select â€¢ Enter: confirm â€¢ Type: to search
â””",
  "[999D[6A",
  "[3B",
  "[2K[G",
  "â”‚  Search: /tmp/xâ–ˆ",
  "[3B",
  "[999D[6A",
  "[3B",
  "[2K[G",
  "â”‚  Search: /tmp/xyâ–ˆ",
  "[3B",
  "[999D[6A",
  "[1B",
  "[J",
  "â–   foo
â”‚  /tmp/xy",
  "
",
  "[?25h",
]
`;
